// Jest Snapshot v1, https://goo.gl/fbAQLP

exports[`Not found page not found page 1`] = `
<div>
  <h2>
    Page not found
  </h2>
</div>
`;
