// Jest Snapshot v1, https://goo.gl/fbAQLP

exports[`Modals container Modals container 1`] = `
<div
  style={
    Object {
      "display": "none",
    }
  }
/>
`;
