// Jest Snapshot v1, https://goo.gl/fbAQLP

exports[`About page About page 1`] = `
<div>
  <h1>
    About Us
  </h1>
  <p>
    Created for demo purpose
  </p>
</div>
`;
